
> fresh-cart@0.0.0 build
> tsc --noEmit && vite build

[36mvite v8.3.2 [32mbuilding client environment for production...[36m[39m
transforming...
✓ 1119 modules transformed.
[33m[lightningcss minify] Unknown at rule: @theme
4  |   */@layer theme, base, components, utilities;
5  |  @layer theme {
6  |    @theme default {
   |          ^
7  |      --font-sans:
8  |        -apple-system, BlinkMacSystemFont, "Segoe UI", Roboto, "Helvetica Neue",[39m
[33m[lightningcss minify] Unknown at rule: @theme
525 |  
526 |    /* Deprecated */
527 |    @theme default inline reference {
    |          ^
528 |      --blur: 8px;
529 |      --shadow: 0 1px 3px 0 rgb(0 0 0 / 0.1), 0 1px 2px -1px rgb(0 0 0 / 0.1);[39m
[33m[lightningcss minify] Unknown at rule: @tailwind
949 |  
950 |  @layer utilities {
951 |    @tailwind utilities;
    |             ^
952 |  }
953 |  [39m
[33m[lightningcss minify] Unknown at rule: @theme
974 |   *                   divider, not fine for a field boundary, hence the split.
975 |   */
976 |  @theme {
    |        ^
977 |    /* brand */
978 |    --color-primary: #16a34a; /* "Salem" - buttons, active states */[39m
[33m[lightningcss minify] Unknown at rule: @custom-variant
1022 |  }
1023 |  
1024 |  @custom-variant dark (&:where(.dark, .dark *));
     |                 ^
1025 |  
1026 |  @layer utilities {[39m
rendering chunks...
computing gzip size...
dist/index.html                                                                                   0.88 kB │ gzip:   0.47 kB
dist/assets/th2-C6eYeanv.png                                                                     18.20 kB
dist/assets/th1-D6eQfNZJ.png                                                                     19.77 kB
dist/assets/American-Express-Logo-PNG-File-CGbtI8-9.png                                          42.09 kB
dist/assets/PayPal.svg-DKu8etWE.png                                                              70.60 kB
dist/assets/2560px-Amazon_Pay_logo.svg-C6yg0mFR.png                                              85.91 kB
dist/assets/404-iLcJQbcw.webp                                                                   123.17 kB
dist/assets/slider-image-2-Xt88XJy9.jpeg                                                        173.86 kB
dist/assets/slider-image-3-BtMvVf4V.jpeg                                                        174.99 kB
dist/assets/slider-image-1-Dh9d2U6G.jpeg                                                        384.85 kB
dist/assets/purepng.com-mastercard-logologobrand-logoiconslogos-251519938372dnf77-CH6EjmDm.png  434.50 kB
dist/assets/index-Cj25goL6.css                                                                   23.35 kB │ gzip:   6.52 kB
dist/assets/index-Df6FK4CU.js                                                                   893.00 kB │ gzip: 281.55 kB

[33m[plugin builtin:vite-reporter] 
(!) Some chunks are larger than 500 kB after minification. Consider:
- Using dynamic import() to code-split the application
- Use build.rolldownOptions.output.codeSplitting to improve chunking: https://rolldown.rs/reference/OutputOptions.codeSplitting
- Adjust chunk size limit for this warning via build.chunkSizeWarningLimit.[39m
[32m✓ built in 12.97s[39m
[33m[33m[PLUGIN_TIMINGS] [0mJavaScript callbacks ran for 4.9s of this 12.9s build (38%).
The slowest callbacks, timed inside each callback (the wait before a callback starts is excluded, the time it awaits is included):
  - plugin vite:css transform (27%, 3.4s, 3 calls)
  - plugin vite:css-post renderChunk (9%, 1.2s, 1 call)
Additional callback time came from the callbacks below and from callbacks under 1s.
1 callback is listed without a time. Its calls overlapped, so the time inside one call includes work from other calls. To find its cost, profile the build with `node --cpu-prof`:
  - plugin vite:asset load (10 calls)
See https://rolldown.rs/reference/InputOptions.checks#bundlertimings for more details.
[39m
